// Jest Snapshot v1, https://goo.gl/fbAQLP

exports[`<Loading /> renders and matches the snapshot 1`] = `
<div
  class="loader"
>
  <div
    class="sk-chase"
  >
    <div
      class="sk-chase-dot"
    />
    <div
      class="sk-chase-dot"
    />
    <div
      class="sk-chase-dot"
    />
    <div
      class="sk-chase-dot"
    />
    <div
      class="sk-chase-dot"
    />
    <div
      class="sk-chase-dot"
    />
  </div>
</div>
`;
